mapname:a_treasure_palace
minx:0
maxx:50
miny:0
maxy:100
minz:-100
maxz:100
tile:0:50:0:100:0:0:shortgrass
owner:kannadiga
litem:1
starting_point:0:0:0:100:0:0
deathpoint:0:50:0:100:0:0
zone:0:50:0:100:0:100:a beautiful garden of the treasure palace.
tile:0:50:50:50:0:100:wallstone
tile:30:35:50:50:0:100:wallwooddoor
zone:30:35:49:49:0:100:a door leeding into the treasure palace.:trackme
door:30:35:49:49:0:100:30:51:0:stepping through the door:10:silence.ogg:silence.ogg:door8open.ogg:door8close.ogg
door:30:35:51:51:0:100:30:49:0:stepping through the door:5:silence.ogg:silence.ogg:door8open.ogg:door8close.ogg
tile:0:50:51:100:0:0:concrete12
zone:0:50:51:100:0:100: a great hallway of the treasure palace
zone:30:35:51:51:0:100:A door going back to the garden:trackme
sign:25:25:51:51:0:0:this is the treasure palace. if you think its eazy to get the treasure? no ways. because, hear the strongest gods are ruling this palace, find their thrown, fight with them, and get the treasure. careful, their 3 hits is more than enough to kill you.:sign2.ogg
zone:25:25:51:51:0:0:a sign:trackme
tile:0:50:70:70:0:99:wallstone
tile:0:50:69:69:1:100:concrete12
zone:0:50:69:69:0:0:Stairs leading to the Thrones:trackme
zone:0:50:69:69:1:100:the golden steps
tile:0:50:69:100:100:100:concrete12
tile:0:50:68:68:100:100:wallstone
tile:0:50:70:100:100:100:carpet2
zone:0:50:70:100:100:100:throne of the gods, locate a domain entrance, and go in.
night:none.ogg
wind:none.ogg
rain:none.ogg
src:0:50:0:49:0:100:0:100:birds10.ogg:
src:0:50:51:100:0:100:0:100:light_airy_leaves.ogg:
item_usage_restriction:0:50:0:100:-100:100:conex:partner_house:beehive:store:locker:fridge:microwave:large_nuclear_bomb:small_nuclear_bomb:air_conditioner:fan:friendship_sphere
zone:0:0:0:0:0:100:to go back to a large mountain, press shift enter.:trackme
travelpoint:0:0:0:0:0:100:the_treasure_mountain:50:100:170:entering to large mountain.:silence.ogg:silence.ogg:silence.ogg
owner:sneha
zone:0:0:100:100:100:100:entrence to the domain of zeus, press shift enter:trackme
travelpoint:0:0:100:100:100:100:domain_of_zues:1:1:0:now entering the domain of zues. be warned, he is not friendly.:silence.ogg:silence.ogg:silence.ogg
zone:25:25:100:100:100:100:entrence to the domain of  athenas. press shift enter.:trackme
travelpoint:25:25:100:100:100:100:domain_of_athenas:1:1:0:now entering athenas domain, knone as the god of the visdem and war.:silence.ogg:silence.ogg:silence.ogg
travelpoint:40:40:100:100:100:100:domain_of_hercules:1:1:0:entering herculis domain, where strengthen vallar are revieled. i embrazed the power within these hallowed walls.:silence.ogg:silence.ogg:silence.ogg
zone:40:40:100:100:100:100:Entrance to Hercules domain ,Press shift enter:trackme
zone:50:50:100:100:100:100:entrance into heras domain. press shift enter.:trackme
travelpoint:50:50:100:100:100:100:heras_domain:1:1:0:now entering heras domain. god of women, child birth, and family. note, she is very powerful.:silence.ogg:silence.ogg:silence.ogg
tile:50:50:51:51:-100:0:dirt
src:50:50:51:51:-100:-1:-3:100:a4.ogg:
tile:0:50:0:100:-100:-100:gravel4
src:0:50:0:100:-100:-100:-3:100:a4.ogg:
zone:50:50:51:51:0:0:steps to hades garden.:trackme
zone:50:50:51:51:-99:-1:steps between the ground floor of hallway of treasure palace, an hades garden.
zone:0:50:0:100:-100:-100:hades garden.
zone:50:50:51:51:-100:-100:steps to the top and out of hades garden.:trackme
zone:50:50:0:0:-100:-100:entrance to hades domain.:trackme
travelpoint:50:50:0:0:-100:-100:hades_domain:0:1:0:You dare step into my domain? ,the domain of Hades? the god of the underground? how dare you!:silence.ogg:silence.ogg:silence.ogg
pvp:0:50:0:50:0:100:0
travelpoint:50:50:85:85:100:100:dark_lord_domain:0:1:0:Here you are - by uttering this phrase, the intimacy of dead bodies will cook with you forever. Over the limit!:silence.ogg:door73open.ogg:silence.ogg
zone:50:50:85:85:100:100:entrence into dark_lord_domain. press shift enter.:trackme
reinforcement:50:10000000
automover:0:50:70:100:0:99:0:69:0:  :5:silence.ogg:silence.ogg:silence.ogg:silence.ogg
