mapname:The_Aviator
minx:0
maxx:50
miny:0
maxy:50
minz:0
maxz:1000
tile:0:50:0:50:0:0:carpet
owner:HarryMK
litem:1
starting_point:0:50:0:50:0:0
deathpoint:0:50:0:50:0:0
zone:0:50:0:50:0:1000:The Aviator
safezone:0:50:0:50:0:1000
tile:4:4:0:50:0:1000:wall
tile:0:4:6:6:0:1000:wallbank
zone:0:3:0:0:0:9:A sign:trackme
zone:0:3:5:5:0:9:Press enter to start:trackme
sign:0:3:0:0:0:0:Lets see %n. Answer the aviation questions. Warning, some options are pretty strong and can move you back to starting point!:silence.ogg
tile:0:3:0:5:10:10:carpet2
door:0:3:5:5:0:0:0:0:10:Good luck!:250:silence.ogg:vine_climb.ogg:door6open.ogg:door6close.ogg
zone:0:3:0:5:10:19:What is ATC stands for?
zone:0:0:5:5:10:10:Air Transport Cabin
zone:1:1:5:5:10:10:Aircraft Technical Code
zone:2:2:5:5:10:10:Air Traffic Control
zone:3:3:5:5:10:10:Air Terminal Crew
starting_point:0:3:0:0:0:0
door:0:1:5:5:10:10:0:0:0:Go back, you failed!:500:silence.ogg:vine_climb.ogg:workshopenter.ogg:workshopexit.ogg
door:3:3:5:5:10:10:0:0:0:You failed!:400:silence.ogg:vine_climb.ogg:workshopenter.ogg:workshopexit.ogg
door:2:2:5:5:10:10:0:0:20:Congrats!:250:silence.ogg:door1.ogg:door1open.ogg:door1close.ogg
tile:0:3:0:5:20:20:carpet3
zone:0:3:0:5:20:29:What is the front of an airplane called?
zone:0:0:5:5:20:20:Tail
zone:1:1:5:5:20:20:Nose
zone:2:2:5:5:20:20:Wing
zone:3:3:5:5:20:20:Cockpit
door:0:0:5:5:20:20:0:0:10:Go back to first!:250:silence.ogg:vine_climb.ogg:door1open.ogg:door1close.ogg
door:1:1:5:5:20:20:0:0:30:Congrats!:250:silence.ogg:vine_climb.ogg:door2open.ogg:door2close.ogg
door:3:3:5:5:20:20:0:0:0:Wao, you fall to 0, how can it be a cockpit?:250:silence.ogg:vine_climb.ogg:workshopenter.ogg:workshopexit.ogg
door:2:2:5:5:20:20:0:0:11:Go back %n:250:silence.ogg:warp2.ogg:workshopenter.ogg:workshopexit.ogg
tile:0:3:0:5:30:30:carpet4
zone:0:3:0:5:30:39:Which part of the plane helps it to land safely?
zone:0:0:5:5:30:30:Rudder
zone:1:1:5:5:30:30:Elevator
zone:2:2:5:5:30:30:Flaps
zone:3:3:5:5:30:30:Landing gear
door:0:2:5:5:30:30:0:0:21:Go back %n, no way you can pass:250:silence.ogg:warp2.ogg:workshopenter.ogg:workshopexit.ogg
door:3:3:5:5:30:30:0:0:40:Congrats %n!:250:silence.ogg:vine_climb.ogg:door1open.ogg:door1close.ogg
tile:0:3:0:5:40:40:carpet5
zone:0:3:0:5:40:49:What do wings on an airplane do?
zone:0:0:5:5:40:40:Provide lift
zone:1:1:5:5:40:40:Control yaw
zone:2:2:5:5:40:40:Store luggage
zone:3:3:5:5:40:40:Reduce noise
door:1:2:5:5:40:40:0:0:31:Go back, you cannot pass!:250:silence.ogg:warp2.ogg:workshopenter.ogg:workshopexit.ogg
door:3:3:5:5:40:40:0:5:0:How is it possible? Oh no, gravity lift 0!:200:silence.ogg:warp2.ogg:workshopenter.ogg:workshopexit.ogg
tile:0:3:0:5:50:50:carpet7
door:0:0:5:5:40:40:0:0:50:Congrats!:250:silence.ogg:vine_climb.ogg:door2open.ogg:door2close.ogg
zone:0:3:0:5:50:59:What is the room where pilots sit called?
zone:0:0:5:5:50:50:Control tower
zone:1:1:5:5:50:50:Cabin
zone:2:2:5:5:50:50:Cockpit
zone:3:3:5:5:50:50:Hangar
door:0:1:5:5:50:50:0:0:40:Failed!:250:silence.ogg:warp2.ogg:workshopenter.ogg:workshopexit.ogg
door:3:3:5:5:50:50:0:0:1:How the pilots sit in the hangar? Think ahead from gravity 0!:50:silence.ogg:warp2.ogg:workshopenter.ogg:workshopexit.ogg
door:2:2:5:5:50:50:0:0:61:Congrats!:250:silence.ogg:vine_climb.ogg:door1open.ogg:door1close.ogg
tile:0:3:0:5:60:60:carpet11
zone:0:3:0:5:60:69:Where do passengers sit in during a flight?
zone:0:0:5:5:60:60:Cockpit
zone:1:1:5:5:60:60:Cabin
zone:2:2:5:5:60:60:Tower
zone:3:3:5:5:60:60:Deck
door:0:0:5:5:60:60:0:0:1:Why should the passengers sit in the cockpit lol! Gravity fall.:30:silence.ogg:warp2.ogg:workshopenter.ogg:workshopexit.ogg
door:2:3:5:5:60:60:0:0:51:Fall back!:250:silence.ogg:warp2.ogg:sinkstart.ogg:risestart.ogg
door:1:1:5:5:60:60:0:0:71:Congrats!:250:silence.ogg:vine_climb.ogg:door3open.ogg:door3close.ogg
tile:0:3:0:5:70:70:carpet3
zone:0:3:0:5:70:79:What is used to steer the airplane on the ground?
zone:0:0:5:5:70:70:Wings
zone:1:1:5:5:70:70:Rudder
zone:2:2:5:5:70:70:Nose wheel
zone:3:3:5:5:70:70:Elevator
door:0:1:5:5:70:70:0:0:61:Fall back!:250:silence.ogg:silence.ogg:sinkstart.ogg:sinkclose.ogg
door:3:3:5:5:70:70:0:0:1:I will show you what elevator is, now gravity 0 fall!:20:silence.ogg:silence.ogg:silence.ogg:silence.ogg
door:2:2:5:5:70:70:0:0:80:Congrats!:250:silence.ogg:vine_climb.ogg:door2open.ogg:door2close.ogg
tile:0:3:0:5:80:80:concrete2
night:none.ogg
zone:0:3:0:5:80:89:Which part of the airplane is at the very back?
zone:0:0:5:5:80:80:Tail
zone:1:1:5:5:80:80:Nose
zone:2:2:5:5:80:80:Wing
zone:3:3:5:5:80:80:Engine
door:1:3:5:5:80:80:0:0:71:Fall!:250:silence.ogg:warp2.ogg:workshopenter.ogg:workshopexit.ogg
door:0:0:5:5:80:80:0:0:91:Congrats!:250:silence.ogg:vine_climb.ogg:door2open.ogg:door2close.ogg
tile:0:3:0:5:90:90:carpet2
zone:0:3:0:5:90:99:What do we call the people who fly the airplane?
zone:0:0:5:5:90:90:Drivers
zone:3:3:5:5:90:90:Pilots
zone:1:1:5:5:90:90:Captains only
zone:2:2:5:5:90:90:Engineers
door:0:2:5:5:90:90:0:0:80:Failed!:250:silence.ogg:warp2.ogg:workshopenter.ogg:workshopexit.ogg
door:3:3:5:5:90:90:0:0:100:Nicely done!:250:silence.ogg:vine_climb.ogg:door1open.ogg:door1close.ogg
tile:0:3:0:5:100:100:carpet3
zone:0:3:0:5:100:109:What is the main purpose of the “black box” in an airplane?
zone:0:0:5:5:100:100:To store passenger luggage
zone:1:1:5:5:100:100:To control the autopilot
zone:2:2:5:5:100:100:To record flight data and cockpit sounds ?
zone:3:3:5:5:100:100:To increase engine power
door:0:1:5:5:100:100:0:0:1:Failed! Gravity fall!:-1:silence.ogg:silence.ogg:walldown.ogg:silence.ogg
door:3:3:5:5:100:100:0:0:1:Gravity fail!:-1:silence.ogg:silence.ogg:walldown.ogg:silence.ogg

door:2:2:5:5:100:100:0:0:120:Congrats!:100:silence.ogg:vine_climb.ogg:wallopen.ogg:door1close.ogg
tile:0:3:0:5:120:120:carpet
zone:0:3:5:5:120:130:Press Shift Enter to finish!
travelpoint:0:3:5:5:120:130:main_map:10:1:0:Congratulations!:silence.ogg:wallopen.ogg:fan_stop.ogg
disable:coordinates
disable:camera
disable:spy
task_status:0:3:5:5:120:130:credit:30000