mapname:rabbit
minx:0
maxx:100
miny:0
maxy:100
minz:0
maxz:1000
tile:0:100:0:100:0:0:grass3
owner:oguzhanaktas
litem:1
starting_point:0:200:0:200:0:0
deathpoint:0:200:0:200:0:0
zone:0:100:0:100:0:1000:rabbit meadow
ai:0:100:0:100:0:0:60000:1:rabbit
zone:1:1:1:1:0:0:Press shift enter to return to the main map:trackme
travelpoint:1:1:1:1:0:0:main:4:0:0:you are back to the main map:silence.ogg:silence.ogg:silence.ogg
music:0:100:0:100:0:1000:-9:100:menumus47.ogg
travelpoint:99:99:99:99:0:0:new_zealand_hunting:0:0:0:You entered the the hunting spot:silence.ogg:silence.ogg:silence.ogg
zone:99:99:99:99:0:0:entrance to the hunting map of new_zealand. pressing shift enter lets you go through.:trackme
zone:99:99:50:50:0:100:pres shift enter to go to a wild forest.:trackme
travelpoint:99:99:50:50:0:100:wild_forest:1:1:0:you entered in a verry wild forest.:silence.ogg:silence.ogg:silence.ogg
night:none.ogg
reinforcement:0:10000000
reinforcement:0:10000000
tile:0:0:0:100:0:100:wallbrush
tile:1:100:100:100:0:100:wallbrush
tile:100:100:0:100:0:100:wallbrush
tile:1:100:0:0:0:100:wallbrush
tile:30:35:50:55:0:0:spring2:trackme
zone:30:35:50:55:0:0:Spring:trackme
src:30:35:50:55:0:10:0:100:stream2.ogg
src:0:100:0:100:0:1000:-7:100:birds25.ogg:1
night:none.ogg
wind:none.ogg
