mapname:world
minx:0
maxx:50
miny:0
maxy:0
minz:0
maxz:50
litem:1
starting_point:0:50:0:0:0:0
deathpoint:0:50:0:0:0:0
enable:2dsupport
rain:none.ogg
wind:none.ogg
night:none.ogg
tile:0:50:0:0:0:0:concrete2
zone:0:50:0:0:0:50:world
zone:10:10:0:0:0:50:bed
tile:10:10:0:0:0:0:cloth
zone:15:15:0:0:0:50:shower
tile:15:15:0:0:0:0:wetconcrete
zone:20:20:0:0:0:50:toilets
tile:20:20:0:0:0:0:water8
zone:25:25:0:0:0:50:wash basin
tile:25:25:0:0:0:0:water7
zone:30:30:0:0:0:50:trash can
tile:30:30:0:0:0:0:plastic
zone:35:35:0:0:0:50:oven
tile:35:35:0:0:0:0:diamond
zone:40:40:0:0:0:50:locker
tile:40:40:0:0:0:0:metal5
zone:45:45:0:0:0:50:fridge
tile:45:45:0:0:0:0:metal6
owner:BratBird
tile:5:5:0:0:0:0:chair
tile:50:50:0:0:0:0:diamond
owner:aiden
owner:Nyx
owner:Sango
owner:sugarnspice
owner:TubshterBratBird
owner:charry
owner:gabriel
owner:aleesya
zone:5:5:0:0:0:10:chair:trackme
bed:10:10:0:0:0:0
shower:15:15:0:0:0:0
toilet:20:20:0:0:0:0
trashcan:30:30:0:0:0:0
oven:35:35:0:0:0:0
washbasin:25:25:0:0:0:1
owner:aiden2
zone:50:50:0:0:0:10:clock:trackme
clock:50:50:0:0:0:0:the time is 
src:50:50:0:0:0:10:-5:100:clock6.ogg

owner:keesya