mapname:ghost_ship_station_toilets
minx:-1
maxx:21
miny:-1
maxy:21
minz:0
maxz:20
litem:1
starting_point:-1:21:-1:21:0:0
deathpoint:-1:21:-1:21:0:0
rain:none.ogg
wind:none.ogg
night:none.ogg
owner:turando
tile:0:20:0:20:0:0:tile2
tile:-1:21:-1:-1:0:20:wallbuilding3
tile:-1:-1:0:20:0:20:wallbuilding3
tile:-1:21:21:21:0:20:wallbuilding3
tile:21:21:0:20:0:20:wallbuilding3
zone:0:20:0:20:0:20:toilet
src:0:20:0:20:0:20:-5:101:toilet.ogg
music:0:20:0:20:0:20:-20:100:musica40.ogg
zone:0:4:4:11:0:20:near the washbasin
tile:0:3:5:10:0:2:wallstone2
zone:0:3:5:10:3:20:on the washbasin
tile:0:3:5:10:3:3:tile
zone:1:2:7:8:0:20:in the washbasin
tile:1:2:7:8:0:3:air
tile:1:2:7:8:0:0:puddle
washbasin:1:2:7:8:0:0
zone:0:2:14:17:0:20:near the trash can
tile:0:1:15:16:0:2:wallmetalbox
zone:0:1:15:16:3:20:in the trash can
tile:0:1:15:16:3:3:debris
trashcan:0:1:15:16:3:3
zone:14:16:18:20:0:20:near the toilet
tile:15:15:19:19:0:1:walldiamond
zone:15:15:19:19:2:20:on the toilet bowl
tile:15:15:19:19:2:2:generic
toilet:15:15:19:19:2:2
zone:15:15:20:20:4:20:on the toilet tank
tile:15:15:20:20:4:4:tile
tile:15:15:20:20:0:3:wallpole
zone:20:20:4:6:0:20:exit door:trackme
tile:21:21:4:6:0:20:wallwood19
travelpoint:20:20:4:6:0:0:ghost_ship_station:0:5:0:you come back to the station:silence.ogg:door28open.ogg:door28close.ogg
